<html>
<body>
<pre>
<h1>µVision Build Log</h1>
<h2>Tool Versions:</h2>
IDE-Version: µVision V5.16.0.0
Copyright (C) 2015 ARM Ltd and ARM Germany GmbH. All rights reserved.
License Information: Emmily Jansen, Fontys, LIC=----
 
Tool Versions:
Toolchain:       MDK-Lite  Version: 5.16.0.0
Toolchain Path:  C:\Keil_v5\ARM\ARMCC\Bin
C Compiler:      Armcc.exe V5.06 (build 20)
Assembler:       Armasm.exe V5.06 (build 20)
Linker/Locator:  ArmLink.exe V5.06 (build 20)
Library Manager: ArmAr.exe V5.06 (build 20)
Hex Converter:   FromElf.exe V5.06 (build 20)
CPU DLL:         SARMCM3.DLL V5.16.0.0
Dialog DLL:      DCM.DLL V1.13.2.0
Target DLL:      STLink\ST-LINKIII-KEIL_SWO.dll V2.0.17.0
Dialog DLL:      TCM.DLL V1.14.5.0
 
<h2>Project:</h2>
C:\Users\QTrooper\Documents\GitHub\Distributed-Control-Systems\PID_Controller.uvprojx
Project File Date:  03/17/2016

<h2>Output:</h2>
*** Using Compiler 'V5.06 (build 20)', folder: 'C:\Keil_v5\ARM\ARMCC\Bin'
Rebuild target 'PID Controller'
compiling PID.c...
PID.c(38): warning:  #1035-D: single-precision operand implicitly converted to double-precision
    Position = *Val * 0.36;
PID.c(69): warning:  #1-D: last line of file ends without a newline
  }
PID.c: 2 warnings, 0 errors
compiling work.c...
work.c(24): warning:  #223-D: function "GPIO_Config" declared implicitly
  	GPIO_Config();
work.c(25): warning:  #223-D: function "Timer5_Config" declared implicitly
  	Timer5_Config();
work.c(26): warning:  #223-D: function "Encoder_Config" declared implicitly
  	Encoder_Config();
work.c(27): warning:  #223-D: function "DAC_Config" declared implicitly
  	DAC_Config();
work.c(28): warning:  #223-D: function "NVIC_Enable" declared implicitly
  	NVIC_Enable();
work.c(53): warning:  #223-D: function "PID_Calc" declared implicitly
  	alfa = (float*) PID_Calc(&beta);
work.c: 6 warnings, 0 errors
compiling main.c...
Src\main.c(6): warning:  #223-D: function "Init" declared implicitly
  	Init();
Src\main.c(10): warning:  #223-D: function "Prog" declared implicitly
  		Prog();
Src\main.c(12): warning:  #1-D: last line of file ends without a newline
  }
Src\main.c: 3 warnings, 0 errors
compiling Init.c...
compiling stm32f4xx_hal.c...
compiling stm32f4xx_hal_adc.c...
compiling stm32f4xx_hal_adc_ex.c...
compiling stm32f4xx_hal_cortex.c...
compiling stm32f4xx_hal_dac.c...
compiling stm32f4xx_hal_dac_ex.c...
compiling stm32f4xx_hal_dma_ex.c...
compiling stm32f4xx_hal_dma.c...
compiling stm32f4xx_hal_gpio.c...
compiling stm32f4xx_hal_pwr.c...
compiling stm32f4xx_hal_pwr_ex.c...
compiling stm32f4xx_hal_rcc.c...
compiling stm32f4xx_hal_rcc_ex.c...
assembling startup_stm32f429xx.s...
compiling stm32f4xx_hal_tim.c...
compiling system_stm32f4xx.c...
compiling stm32f4xx_hal_tim_ex.c...
linking...
Program Size: Code=2340 RO-data=460 RW-data=104 ZI-data=1632  
".\Objects\PID_Controller.axf" - 0 Error(s), 11 Warning(s).

<h2>Software Packages used:</h2>

Package Vendor: ARM
                http://www.keil.com/pack/ARM.CMSIS.4.5.0.pack
                ARM::CMSIS:CORE:4.3.0
                CMSIS (Cortex Microcontroller Software Interface Standard)
   * Component: CORE Version: 4.3.0

Package Vendor: Keil
                http://www.keil.com/pack/Keil.STM32F4xx_DFP.2.7.0.pack
                Keil::Device:STM32Cube HAL:Cortex:1.4.2
                STMicroelectronics STM32F4 Series Device Support, Drivers and Examples
   * Component: Cortex Version: 1.4.2
   * Component: STM32Cube Framework Version: 
   * Component: Common Version: 1.4.2
   * Component: Startup Version: 2.4.2
   * Component: ADC Version: 1.4.2
   * Component: DAC Version: 1.4.2
   * Component: GPIO Version: 1.4.2
   * Component: Classic Version: 1.4.2
   * Component: DMA Version: 1.4.2
   * Component: RCC Version: 1.4.2
   * Component: PWR Version: 1.4.2
   * Component: TIM Version: 1.4.2

<h2>Collection of Component include folders:</h2>
  C:\Users\QTrooper\Documents\GitHub\Distributed-Control-Systems\RTE
  C:\Users\QTrooper\Documents\GitHub\Distributed-Control-Systems\RTE\Device\STM32F429ZITx
  C:\Keil_v5\ARM\PACK\ARM\CMSIS\4.5.0\CMSIS\Include
  C:\Keil_v5\ARM\PACK\Keil\STM32F4xx_DFP\2.7.0\Drivers\CMSIS\Device\ST\STM32F4xx\Include
  C:\Keil_v5\ARM\PACK\Keil\STM32F4xx_DFP\2.7.0\Drivers\STM32F4xx_HAL_Driver\Inc

<h2>Collection of Component Files used:</h2>

   * Component: ARM::CMSIS:CORE:4.3.0

   * Component: Keil::Device:STM32Cube HAL:Cortex:1.4.2
      Source file:   Drivers\STM32F4xx_HAL_Driver\Src\stm32f4xx_hal_cortex.c

   * Component: ::Device:STM32Cube Framework (API)

   * Component: Keil::Device:STM32Cube HAL:Common:1.4.2
      Source file:   Drivers\STM32F4xx_HAL_Driver\Src\stm32f4xx_hal.c
      Include file:  Drivers\STM32F4xx_HAL_Driver\Inc\stm32f4xx_hal.h

   * Component: Keil::Device:Startup:2.4.2
      Source file:   Drivers\CMSIS\Device\ST\STM32F4xx\Source\Templates\arm\startup_stm32f429xx.s
      Source file:   MDK\Device\Source\ARM\STM32F42xxx_43xxx_OPT.s
      Include file:  Drivers\CMSIS\Device\ST\STM32F4xx\Include\stm32f4xx.h
      Source file:   MDK\Device\Source\ARM\STM32F4xx_OTP.s
      Source file:   Drivers\CMSIS\Device\ST\STM32F4xx\Source\Templates\system_stm32f4xx.c

   * Component: Keil::Device:STM32Cube HAL:ADC:1.4.2
      Source file:   Drivers\STM32F4xx_HAL_Driver\Src\stm32f4xx_hal_adc.c
      Source file:   Drivers\STM32F4xx_HAL_Driver\Src\stm32f4xx_hal_adc_ex.c

   * Component: Keil::Device:STM32Cube HAL:DAC:1.4.2
      Source file:   Drivers\STM32F4xx_HAL_Driver\Src\stm32f4xx_hal_dac_ex.c
      Source file:   Drivers\STM32F4xx_HAL_Driver\Src\stm32f4xx_hal_dac.c

   * Component: Keil::Device:STM32Cube HAL:GPIO:1.4.2
      Source file:   Drivers\STM32F4xx_HAL_Driver\Src\stm32f4xx_hal_gpio.c

   * Component: Keil::Device:STM32Cube Framework:Classic:1.4.2
      Source file:   MDK\Templates\Src\stm32f4xx_it.c
      Include file:  MDK\Templates\Inc\main.h
      Source file:   MDK\Templates\Src\main.c
      Include file:  CMSIS\Driver\Config\RTE_Device.h
      Include file:  MDK\Templates\Inc\stm32f4xx_hal_conf.h
      Include file:  MDK\Templates\Inc\stm32f4xx_it.h
      Source file:   MDK\Templates\Src\stm32f4xx_hal_msp.c

   * Component: Keil::Device:STM32Cube HAL:DMA:1.4.2
      Source file:   Drivers\STM32F4xx_HAL_Driver\Src\stm32f4xx_hal_dma_ex.c
      Source file:   Drivers\STM32F4xx_HAL_Driver\Src\stm32f4xx_hal_dma.c

   * Component: Keil::Device:STM32Cube HAL:RCC:1.4.2
      Source file:   Drivers\STM32F4xx_HAL_Driver\Src\stm32f4xx_hal_rcc_ex.c
      Source file:   Drivers\STM32F4xx_HAL_Driver\Src\stm32f4xx_hal_rcc.c

   * Component: Keil::Device:STM32Cube HAL:PWR:1.4.2
      Source file:   Drivers\STM32F4xx_HAL_Driver\Src\stm32f4xx_hal_pwr.c
      Source file:   Drivers\STM32F4xx_HAL_Driver\Src\stm32f4xx_hal_pwr_ex.c

   * Component: Keil::Device:STM32Cube HAL:TIM:1.4.2
      Source file:   Drivers\STM32F4xx_HAL_Driver\Src\stm32f4xx_hal_tim_ex.c
      Source file:   Drivers\STM32F4xx_HAL_Driver\Src\stm32f4xx_hal_tim.c
Build Time Elapsed:  00:01:16
</pre>
</body>
</html>
